// Jest Snapshot v1, https://goo.gl/fbAQLP

exports[`main news section tests snapshot test 1`] = `
<section
  class="newsSection"
  data-testid="main-news-section"
>
  <div
    class="textBlock"
  >
    <div
      class="header"
    >
      <strong>
        ЧТО ТАКОЕ SDAEM.BY
      </strong>
      <p>
        Квартира на сутки в 
        Минск
        е
      </p>
    </div>
    <div
      class="body"
    >
      <img
        alt="Желтые точки"
        class="yellowPoints"
        src="yellow-points.png"
      />
      <img
        alt="Изображение квартиры"
        class="bodyImg"
        src="flat-img.png"
      />
      <div
        class="bodyText"
      >
        <p>
          <b>
            Нужна квартира на сутки в 
            Минск
            е?
          </b>
          <br />
          На веб-сайте sdaem.by вас ждет масса выгодных предложений. Каталог насчитывает 
          <b>
            более 500 квартир.
          </b>
           Благодаря удобной навигации вы быстро найдете подходящий вариант.
        </p>
        <p>
          В каталоге представлены комфортабельные однокомнатные квартиры на сутки и квартиры с большим количеством комнат в разных районах города, с различной степенью удобства от дешевых до VIP с джакузи.
        </p>
      </div>
    </div>
    <p
      class="footer"
    >
      Чтобы снять квартиру на сутки в 
      Минск
      е, вам достаточно определиться с выбором и связаться с владельцем для уточнения условий аренды и заключить договор. Заметим, на сайте представлены исключительно квартиры на сутки без посредников, что избавляет посетителей от необходимости взаимодействовать с агентствами, тратя свое время и деньги. Также пользователи сайта могут совершенно бесплатно размещать объявления о готовности сдать квартиру на сутки.    
    </p>
  </div>
  <div
    class="newsBlock"
  >
    <p
      class="title"
    >
      Новости
    </p>
    <a
      class="toNewsLink"
      href="/news"
    >
      Посмотреть все
      <svg
        fill="none"
        height="16"
        viewBox="0 0 9 16"
        width="9"
        xmlns="http://www.w3.org/2000/svg"
      >
        <path
          d="M1 14.8574L7.57143 8.28599L0.999999 1.71456"
          stroke="#664EF9"
        />
      </svg>
    </a>
  </div>
</section>
`;
